// Jest Snapshot v1, https://goo.gl/fbAQLP

exports[`suite name snapshot 1`] = `
Object {
  "foo": "bar",
}
`;
